// Jest Snapshot v1, https://goo.gl/fbAQLP

exports[`Examining rendering renders correctly 1`] = `
ShallowWrapper {
  Symbol(enzyme.__root__): [Circular],
  Symbol(enzyme.__unrendered__): <LyricsBar />,
  Symbol(enzyme.__renderer__): Object {
    "batchedUpdates": [Function],
    "checkPropTypes": [Function],
    "getNode": [Function],
    "render": [Function],
    "simulateError": [Function],
    "simulateEvent": [Function],
    "unmount": [Function],
  },
  Symbol(enzyme.__node__): Object {
    "instance": null,
    "key": undefined,
    "nodeType": "function",
    "props": Object {
      "children": <ForwardRef(styled.div)
        className="bar-content undefined"
      >
        <ForwardRef(styled.p) />
        <ForwardRef(styled.p) />
      </ForwardRef(styled.div)>,
      "className": "lyrics-bar",
      "style": undefined,
    },
    "ref": null,
    "rendered": Object {
      "instance": null,
      "key": undefined,
      "nodeType": "function",
      "props": Object {
        "children": Array [
          <ForwardRef(styled.p) />,
          <ForwardRef(styled.p) />,
        ],
        "className": "bar-content undefined",
      },
      "ref": null,
      "rendered": Array [
        Object {
          "instance": null,
          "key": undefined,
          "nodeType": "function",
          "props": Object {
            "children": undefined,
          },
          "ref": null,
          "rendered": null,
          "type": Object {
            "$$typeof": Symbol(react.forward_ref),
            "attrs": Array [],
            "componentStyle": ComponentStyle {
              "componentId": "sc-iwsKbI",
              "isStatic": true,
              "rules": Array [
                "
    height: 35px;
    line-height: 35px;
    vertical-align: middle;
",
              ],
            },
            "displayName": "styled.p",
            "foldedComponentIds": Array [],
            "render": [Function],
            "styledComponentId": "sc-iwsKbI",
            "target": "p",
            "toString": [Function],
            "warnTooManyClasses": [Function],
            "withComponent": [Function],
          },
        },
        Object {
          "instance": null,
          "key": undefined,
          "nodeType": "function",
          "props": Object {
            "children": undefined,
          },
          "ref": null,
          "rendered": null,
          "type": Object {
            "$$typeof": Symbol(react.forward_ref),
            "attrs": Array [],
            "componentStyle": ComponentStyle {
              "componentId": "sc-iwsKbI",
              "isStatic": true,
              "rules": Array [
                "
    height: 35px;
    line-height: 35px;
    vertical-align: middle;
",
              ],
            },
            "displayName": "styled.p",
            "foldedComponentIds": Array [],
            "render": [Function],
            "styledComponentId": "sc-iwsKbI",
            "target": "p",
            "toString": [Function],
            "warnTooManyClasses": [Function],
            "withComponent": [Function],
          },
        },
      ],
      "type": Object {
        "$$typeof": Symbol(react.forward_ref),
        "attrs": Array [],
        "componentStyle": ComponentStyle {
          "componentId": "sc-dnqmqq",
          "isStatic": true,
          "rules": Array [
            "
    text-align: center;
    height: 70px;
    position: absolute;
    top: 50%;
    left: 50%;
    width: 100%;
    transform: translate(-50%, -50%);
",
          ],
        },
        "displayName": "styled.div",
        "foldedComponentIds": Array [],
        "render": [Function],
        "styledComponentId": "sc-dnqmqq",
        "target": "div",
        "toString": [Function],
        "warnTooManyClasses": [Function],
        "withComponent": [Function],
      },
    },
    "type": Object {
      "$$typeof": Symbol(react.forward_ref),
      "attrs": Array [],
      "componentStyle": ComponentStyle {
        "componentId": "sc-htoDjs",
        "isStatic": true,
        "rules": Array [
          "
    height: ",
          "80px",
          ";
    font-size: 30px;
    position: relative;
    width: 100%;
    overflow: hidden;
    @media (max-width: ",
          "768px",
          ") {
        font-size: 20px;
    }
",
        ],
      },
      "displayName": "styled.div",
      "foldedComponentIds": Array [],
      "render": [Function],
      "styledComponentId": "sc-htoDjs",
      "target": "div",
      "toString": [Function],
      "warnTooManyClasses": [Function],
      "withComponent": [Function],
    },
  },
  Symbol(enzyme.__nodes__): Array [
    Object {
      "instance": null,
      "key": undefined,
      "nodeType": "function",
      "props": Object {
        "children": <ForwardRef(styled.div)
          className="bar-content undefined"
        >
          <ForwardRef(styled.p) />
          <ForwardRef(styled.p) />
        </ForwardRef(styled.div)>,
        "className": "lyrics-bar",
        "style": undefined,
      },
      "ref": null,
      "rendered": Object {
        "instance": null,
        "key": undefined,
        "nodeType": "function",
        "props": Object {
          "children": Array [
            <ForwardRef(styled.p) />,
            <ForwardRef(styled.p) />,
          ],
          "className": "bar-content undefined",
        },
        "ref": null,
        "rendered": Array [
          Object {
            "instance": null,
            "key": undefined,
            "nodeType": "function",
            "props": Object {
              "children": undefined,
            },
            "ref": null,
            "rendered": null,
            "type": Object {
              "$$typeof": Symbol(react.forward_ref),
              "attrs": Array [],
              "componentStyle": ComponentStyle {
                "componentId": "sc-iwsKbI",
                "isStatic": true,
                "rules": Array [
                  "
    height: 35px;
    line-height: 35px;
    vertical-align: middle;
",
                ],
              },
              "displayName": "styled.p",
              "foldedComponentIds": Array [],
              "render": [Function],
              "styledComponentId": "sc-iwsKbI",
              "target": "p",
              "toString": [Function],
              "warnTooManyClasses": [Function],
              "withComponent": [Function],
            },
          },
          Object {
            "instance": null,
            "key": undefined,
            "nodeType": "function",
            "props": Object {
              "children": undefined,
            },
            "ref": null,
            "rendered": null,
            "type": Object {
              "$$typeof": Symbol(react.forward_ref),
              "attrs": Array [],
              "componentStyle": ComponentStyle {
                "componentId": "sc-iwsKbI",
                "isStatic": true,
                "rules": Array [
                  "
    height: 35px;
    line-height: 35px;
    vertical-align: middle;
",
                ],
              },
              "displayName": "styled.p",
              "foldedComponentIds": Array [],
              "render": [Function],
              "styledComponentId": "sc-iwsKbI",
              "target": "p",
              "toString": [Function],
              "warnTooManyClasses": [Function],
              "withComponent": [Function],
            },
          },
        ],
        "type": Object {
          "$$typeof": Symbol(react.forward_ref),
          "attrs": Array [],
          "componentStyle": ComponentStyle {
            "componentId": "sc-dnqmqq",
            "isStatic": true,
            "rules": Array [
              "
    text-align: center;
    height: 70px;
    position: absolute;
    top: 50%;
    left: 50%;
    width: 100%;
    transform: translate(-50%, -50%);
",
            ],
          },
          "displayName": "styled.div",
          "foldedComponentIds": Array [],
          "render": [Function],
          "styledComponentId": "sc-dnqmqq",
          "target": "div",
          "toString": [Function],
          "warnTooManyClasses": [Function],
          "withComponent": [Function],
        },
      },
      "type": Object {
        "$$typeof": Symbol(react.forward_ref),
        "attrs": Array [],
        "componentStyle": ComponentStyle {
          "componentId": "sc-htoDjs",
          "isStatic": true,
          "rules": Array [
            "
    height: ",
            "80px",
            ";
    font-size: 30px;
    position: relative;
    width: 100%;
    overflow: hidden;
    @media (max-width: ",
            "768px",
            ") {
        font-size: 20px;
    }
",
          ],
        },
        "displayName": "styled.div",
        "foldedComponentIds": Array [],
        "render": [Function],
        "styledComponentId": "sc-htoDjs",
        "target": "div",
        "toString": [Function],
        "warnTooManyClasses": [Function],
        "withComponent": [Function],
      },
    },
  ],
  Symbol(enzyme.__options__): Object {
    "adapter": ReactSixteenAdapter {
      "options": Object {
        "enableComponentDidUpdateOnSetState": true,
        "legacyContextMode": "parent",
        "lifecycles": Object {
          "componentDidUpdate": Object {
            "onSetState": true,
          },
          "getChildContext": Object {
            "calledByRenderer": false,
          },
          "getDerivedStateFromError": true,
          "getDerivedStateFromProps": Object {
            "hasShouldComponentUpdateBug": false,
          },
          "getSnapshotBeforeUpdate": true,
          "setState": Object {
            "skipsComponentDidUpdateOnNullish": true,
          },
        },
      },
    },
    Symbol(enzyme.__providerValues__): undefined,
  },
  Symbol(enzyme.__providerValues__): Map {},
}
`;
